[0, [1073741827, 
18, 
26, 
['x1', 'x2', 'x3', 'x4', 'l1', 'l2', 'l3', 'l4', 'l5', 'l6', 'l7', 'l8', 'l9', 'l10', 'l11', 'l12', 'l13', 'l14'],
[0, 0, 0, 0, 0, 0, 0, 0, 0, 0, 0, 0, 0, 0, 0, 0, 0, 1],
[1,
[[26,
[434241586, 334855105, 575442256, 727616107, 277916674, 947201630, 525600396, 35807005, 791713167, 70961699, 186023070, 848060204, 147529577, 896921045, 168753659, 1009991956, 595597453, 585711119, 443870361, 756615563, 539623097, 430104663, 376787993, 859758033, 6429882, 165053160, 1]],
[0,
[1]],
[
[[25,
[791595623, 619462676, 782747652, 922454198, 910722803, 382034024, 695061188, 743213664, 240466528, 896508371, 913350396, 184745114, 932091998, 342260683, 503173314, 620516689, 646419295, 472118226, 432291661, 221400434, 773115932, 160538104, 526549916, 589116451, 141681046, 429718971]]],
[[25,
[195103228, 998348506, 106408363, 755176443, 43287681, 991424119, 231786921, 670431089, 304086541, 587647906, 967180112, 1072277162, 665139111, 298983400, 564329133, 306599951, 331821914, 775807572, 1058613037, 875346509, 1041110823, 108946358, 83327170, 155329966, 295003812, 188045586]]],
[[25,
[393559337, 1011823014, 585773977, 662801546, 237404773, 865641137, 1012320807, 709575781, 500360108, 506492148, 443617530, 808426881, 828354202, 61700299, 1040243053, 281944082, 901313332, 240947964, 795222477, 830197780, 375270950, 1026389134, 947404028, 75557202, 22567263, 488997238]]],
[[25,
[853555078, 958034033, 319631471, 904415180, 620401845, 532736611, 294175069, 833454705, 170704820, 925012477, 907974259, 660058809, 796953650, 1057420674, 860858245, 279546952, 1049801614, 808315304, 64585010, 121394725, 329639719, 1072184504, 505123328, 142620540, 329093761, 1058406452]]],
[[25,
[966595845, 661588641, 712461830, 160811844, 469280521, 1006296376, 648531762, 125902347, 21645074, 811692796, 580567425, 1059199832, 484741864, 743292290, 803661661, 427580685, 10107825, 741819049, 972751540, 381324783, 620555723, 64868071, 532338873, 159030499, 1059118810, 232303428]]],
[[25,
[479430999, 681492797, 965164696, 37660369, 316924760, 63806462, 219729860, 676205747, 953601804, 946651808, 682730881, 120787693, 916412121, 899171989, 280042524, 81519341, 764547721, 1042986577, 67129235, 535350018, 367230473, 265836926, 1006013741, 249415826, 360723480, 877792008]]],
[[25,
[325678511, 539196336, 166528533, 413206775, 381214486, 633904792, 862645023, 420595356, 494346191, 129829322, 149061865, 981873695, 812512929, 112483749, 600333574, 233885162, 803145206, 159025825, 727402094, 109132580, 791479603, 870566450, 781763987, 968868359, 769798189, 564268830]]],
[[25,
[512730503, 588496272, 456677810, 887656251, 743365417, 646770676, 242697964, 777447296, 331622966, 307583670, 451560761, 781531055, 38731210, 615884506, 777028089, 541943193, 1030964623, 298988373, 244496766, 955174554, 572939343, 873447181, 438639992, 527159533, 893198089, 892975600]]],
[[25,
[77177123, 173471080, 1065835637, 482052400, 482187580, 607212749, 102901231, 1019639266, 1013002308, 19301231, 909632963, 516533156, 1053325661, 714058423, 332426064, 866114291, 763952381, 1005339081, 723868066, 623037965, 169017583, 258159213, 622332452, 148746277, 74049062, 804402327]]],
[[25,
[566303031, 111549084, 885029766, 641311606, 979723048, 956939147, 734480240, 728375871, 1072153851, 742440920, 772406850, 23492736, 254095221, 1003318427, 987107094, 384182113, 752515067, 472711490, 1025264093, 889349918, 562570023, 462862257, 56947301, 682732755, 867501137, 859782835]]],
[[25,
[751075108, 872453016, 536668810, 124799189, 73504316, 490780633, 443392768, 382981170, 915358507, 491043542, 691490227, 883152275, 290523568, 555187610, 1011663113, 915978580, 445742233, 400830612, 618898905, 610044333, 917532124, 644774439, 292509186, 484128525, 944048463, 177520721]]],
[[25,
[120144837, 52228451, 825515287, 299845832, 2443295, 415801493, 200797159, 692716149, 752156886, 633843892, 138185930, 834442709, 392084285, 712252087, 999924800, 1055918574, 157496604, 945306663, 582219199, 923763958, 1019920171, 882497772, 138504997, 120487244, 466189601, 450426307]]],
[[25,
[158228730, 474858160, 53927958, 967452145, 951437608, 398056202, 250503082, 830407251, 159868389, 266477803, 271733231, 1031580583, 118293624, 373843840, 355110739, 322491875, 954997748, 777517558, 996874779, 176885024, 117076921, 856313217, 1050505394, 403587903, 622804507, 872693941]]],
[[25,
[554790782, 1072695417, 530645492, 534254597, 580082917, 329501735, 807303524, 616246087, 888286482, 896063707, 401554284, 476126206, 567512510, 334163538, 563355673, 135700974, 834599657, 48170975, 316761607, 634217035, 359943577, 921368188, 13050827, 1020563199, 712961204, 171932270]]],
[[25,
[930738153, 69873227, 706955196, 639532855, 975502678, 369287575, 621958936, 935573454, 1047068881, 949719973, 639000736, 657270269, 139903883, 696513684, 566827393, 327796858, 154595154, 181179935, 842170716, 355978135, 593087324, 872775105, 727260158, 771435785, 959774755, 688863686]]],
[[25,
[530264710, 18164859, 771155450, 795754754, 859204480, 465041375, 1054049243, 506292479, 460392261, 339444319, 759357675, 1000642566, 184759321, 590801090, 817751436, 502158458, 40975735, 94928120, 104652885, 3834703, 387102213, 257162123, 253704198, 596171343, 978453848, 257253437]]],
[[25,
[3740919, 164045223, 327256884, 736142850, 411061577, 879677508, 840430900, 307721447, 599215928, 418050553, 390086156, 533760428, 604396036, 387110249, 1040723214, 86323504, 340381577, 840306341, 590318124, 1053154282, 811938879, 901142494, 696416593, 673441501, 450357582, 172303234]]]
]]]]]:
