[0, [1073741783, 
18, 
26, 
['x1', 'x2', 'x3', 'x4', 'l1', 'l2', 'l3', 'l4', 'l5', 'l6', 'l7', 'l8', 'l9', 'l10', 'l11', 'l12', 'l13', 'l14'],
[0, 0, 0, 0, 0, 0, 0, 0, 0, 0, 0, 0, 0, 0, 0, 0, 0, 1],
[1,
[[26,
[1065635956, 383965595, 136406065, 813355601, 721429634, 628570397, 323089233, 853277292, 1002754073, 773578838, 683065950, 146980527, 393790646, 215650140, 1032473891, 331615280, 820126258, 713026301, 514371906, 809867794, 444490370, 463253843, 416472679, 154435400, 669958352, 697809430, 1]],
[0,
[1]],
[
[[25,
[784279990, 752324048, 815863684, 721290778, 201003739, 172007084, 864581532, 505555675, 430932486, 364852280, 202532678, 36002287, 523404516, 379222104, 658334568, 510566716, 565129359, 870234287, 776664076, 406738321, 554871719, 892678969, 804821356, 885844767, 151345487, 130656356]]],
[[25,
[467941605, 948979973, 763311883, 99150038, 683524931, 338635075, 710058082, 112751025, 162675012, 564892448, 402594903, 864177044, 1016173174, 1037500127, 686479770, 771907811, 714479658, 618377568, 436921459, 415257228, 1006495032, 30310048, 33870204, 743525429, 28259254, 922708012]]],
[[25,
[237948333, 982164463, 822181681, 778523401, 50398270, 523441343, 605806142, 327898202, 514588072, 556413398, 82717734, 636918687, 244195170, 703900479, 63904665, 607372291, 458755932, 122861144, 92552855, 163072295, 114271359, 332082197, 565907617, 830472405, 865411838, 986554829]]],
[[25,
[966836509, 862971980, 1054700766, 916777761, 720869187, 826469568, 710896629, 733749085, 119712161, 375471740, 960126727, 75223699, 228534305, 23493426, 462385842, 749068020, 883574575, 840309882, 259374761, 346538300, 948365576, 160062811, 170780085, 899287538, 338985740, 299749332]]],
[[25,
[746756945, 607991422, 469680147, 539244484, 702387605, 388678095, 601142967, 128586662, 653673606, 400887261, 158194128, 692321752, 530711004, 21392428, 631750844, 644175322, 30715826, 795624861, 834348995, 464440177, 868823610, 779664135, 818168525, 975849289, 1030493560, 39240296]]],
[[25,
[547413113, 241688124, 393935095, 740132852, 1033134174, 974382921, 567772971, 943679572, 678001769, 935537606, 742299572, 234664717, 65628692, 706517135, 85421449, 8834139, 461520720, 396296922, 40577319, 926399961, 551704372, 584744475, 481582437, 785633269, 304912320, 682181241]]],
[[25,
[52204801, 26540370, 751513543, 1013120104, 682597738, 778841863, 194257264, 596227799, 819706231, 308887291, 217572825, 223588227, 558823495, 595476089, 240771246, 964262788, 844713478, 355243865, 367373767, 618462128, 990712024, 223477913, 1047158017, 641849971, 10417813, 591638875]]],
[[25,
[434184241, 413121282, 799068720, 230670048, 858043598, 479044004, 828976743, 440150403, 78966041, 73254174, 425653376, 919882879, 219264765, 975287983, 603496951, 755388139, 252716196, 886836756, 140620798, 660932029, 1031231706, 1041897287, 477575484, 613069355, 1042331336, 211417650]]],
[[25,
[640283522, 324205873, 553153814, 58209334, 182920515, 864650556, 206620991, 292621098, 345917966, 320984639, 341624947, 275231476, 88656059, 616656733, 248649023, 982143873, 304386907, 1029508805, 750076451, 881715265, 113727124, 374293806, 209860534, 638057658, 578177829, 766015607]]],
[[25,
[439705159, 33680338, 514694840, 354335205, 570908950, 617972778, 830450890, 24072067, 581019056, 22853614, 1052138399, 617988378, 481252685, 325214960, 204430601, 209316509, 774596058, 628402195, 753219437, 1045533593, 374568024, 585681975, 575418932, 578023431, 11757411, 528083632]]],
[[25,
[3835819, 450365759, 787913621, 988653456, 19361594, 303877687, 468935038, 27125746, 15821573, 452957996, 872135521, 132070002, 376379007, 819040548, 1063852402, 118755941, 652000821, 212275612, 1043586933, 84545437, 1050068550, 991219757, 872525416, 12277903, 138618049, 43258697]]],
[[25,
[178933552, 727657892, 425637454, 743521325, 17532740, 906795465, 761642390, 563036, 439715973, 537120062, 669288125, 511901380, 27639113, 191563943, 243760466, 655145637, 514858851, 892443198, 583941207, 790004489, 208819614, 401208843, 671528105, 106878084, 551329325, 152633520]]],
[[25,
[834754526, 698577827, 136793314, 465387472, 997673125, 216678923, 997699914, 272366552, 738315406, 758212285, 800107945, 66170800, 781125292, 474758150, 383070778, 529780169, 438767544, 163901252, 390168258, 184743477, 389493067, 133855125, 1065298413, 1034225429, 758977401, 308394537]]],
[[25,
[483000548, 490924413, 260474221, 806631164, 522385252, 353710279, 754659546, 458299766, 342922428, 312242225, 994313118, 795137899, 915204301, 1009433533, 361253066, 17236623, 531578331, 573022975, 669470695, 163665725, 784556438, 190872797, 602861174, 874832531, 628540673, 1020753829]]],
[[25,
[880296580, 988603145, 557738217, 657377647, 647184805, 988687404, 494303379, 59841135, 128000510, 838971479, 420538868, 565703894, 2438411, 1024778845, 611518523, 105692985, 424119738, 494262120, 433984897, 1061036430, 818796309, 639930100, 931294037, 451495929, 819338328, 51353526]]],
[[25,
[807474329, 364871739, 704358153, 47810291, 903262721, 968974260, 563208918, 49659030, 722060577, 763587708, 1018223904, 160022948, 1035249521, 517244484, 345143801, 427072960, 221796686, 68200014, 721764533, 829738138, 343782390, 287899677, 423844126, 953361560, 225701165, 46870651]]],
[[25,
[819153245, 149903001, 266311501, 923574510, 682169211, 1000929987, 560232694, 1038319650, 425448499, 816327489, 715769063, 596560078, 1020814951, 919714285, 986648118, 672502342, 311127290, 860464073, 745776263, 57243933, 744841463, 1056974843, 835577650, 913331968, 201975987, 330990987]]]
]]]]]:
