[0, [1073741831, 
18, 
26, 
['x1', 'x2', 'x3', 'x4', 'l1', 'l2', 'l3', 'l4', 'l5', 'l6', 'l7', 'l8', 'l9', 'l10', 'l11', 'l12', 'l13', 'l14'],
[0, 0, 0, 0, 0, 0, 0, 0, 0, 0, 0, 0, 0, 0, 0, 0, 0, 1],
[1,
[[26,
[290592038, 706679206, 22254924, 431539979, 218219176, 324604134, 397300165, 138495384, 847398459, 1073715139, 177724763, 212872054, 489635805, 661573245, 789504888, 853207803, 750006605, 606030582, 667115866, 291688174, 823676974, 181841951, 306243521, 213170867, 42187062, 862733330, 1]],
[0,
[1]],
[
[[25,
[277595269, 761113286, 567645196, 511004535, 677393247, 292323554, 33363762, 614932915, 877476416, 278461722, 696065703, 511570695, 647203956, 150804471, 998915191, 210126066, 780025461, 409774726, 986658322, 522721860, 70209649, 688880892, 847839707, 902545901, 927687002, 365215439]]],
[[25,
[249025546, 559298802, 689911280, 439308965, 1058602138, 970922953, 937027481, 481522952, 276082875, 667010936, 972572009, 843563285, 829329793, 196101224, 105059121, 437224428, 557239133, 726206429, 252520305, 432404098, 135025453, 197029801, 87884174, 346064342, 292955631, 809085340]]],
[[25,
[330506280, 1011676084, 561295883, 748715427, 130899337, 742778695, 61227564, 260770668, 178802836, 448238932, 695683558, 66684521, 395611660, 175306767, 648327107, 951054549, 843504116, 446361944, 436070361, 486857697, 173541644, 169375613, 277103373, 266045272, 757114873, 924855083]]],
[[25,
[1039451572, 1043519952, 795498206, 527098957, 965363713, 47358743, 1067137377, 353823524, 810559691, 514612635, 360228915, 254662744, 14520718, 355221650, 38215416, 788186930, 881067370, 312925027, 655872785, 346916618, 842271182, 472592907, 720989733, 478737420, 730436317, 623786919]]],
[[25,
[185571579, 948568519, 290361576, 722992713, 491980762, 903425707, 967481038, 476425358, 406701595, 469859339, 590267143, 300815646, 894348494, 948952372, 736410467, 592607816, 890610115, 42104944, 429644763, 961950980, 524238182, 375578077, 436239376, 785691599, 435362985, 806575719]]],
[[25,
[250924979, 337213543, 823598611, 359177997, 584477620, 614953964, 65372084, 274258456, 329579979, 801659717, 778519177, 327174135, 502677156, 664948482, 1063762469, 558462187, 538432328, 474561941, 858695049, 77210850, 164020714, 425373623, 256895108, 675701728, 262084663, 325215766]]],
[[25,
[29734942, 377069785, 141517484, 70771446, 729735453, 955826024, 396063485, 759859716, 824956497, 642653888, 172700394, 441031641, 904628597, 75670397, 74026812, 351377118, 1036158221, 572072761, 358310449, 661931275, 379206054, 651217982, 1021982770, 821089974, 708713944, 392161221]]],
[[25,
[95221503, 347158019, 520557770, 894459083, 159194827, 134970310, 210361241, 640009614, 15421861, 459034886, 246440833, 568258930, 967159843, 758779350, 422058974, 702994263, 458604871, 923411669, 1050529838, 947937747, 395965322, 720545614, 687002570, 447938746, 878993339, 795293729]]],
[[25,
[1047371560, 179205108, 631426021, 452771031, 339827291, 89035330, 667092859, 1063502766, 821892851, 482102755, 1015103963, 100264370, 497392274, 28773485, 210657505, 527277989, 24956750, 269083617, 124894133, 668878011, 184526886, 936377072, 497140275, 223105578, 171496936, 242855712]]],
[[25,
[882304552, 144925988, 842803241, 662813877, 674846450, 417480387, 233087708, 887578319, 167763621, 347676196, 919263871, 761809578, 103955719, 729329895, 27878536, 145264964, 994464977, 170596292, 973611240, 900720578, 867517347, 344524395, 460859116, 296562766, 590232131, 855878771]]],
[[25,
[581117650, 264629571, 771020087, 125376230, 392254521, 967647237, 743936814, 146231802, 296048571, 13242110, 983917481, 433860001, 822909173, 749931131, 870396752, 137827024, 337146097, 682223559, 25701403, 525962235, 1069182825, 786559268, 993956608, 957463112, 270236829, 550740796]]],
[[25,
[419293023, 360095915, 881973242, 1024015670, 508478216, 248176004, 858522064, 326077215, 521348700, 660669945, 125126216, 30593183, 481074204, 28006336, 521262953, 370406561, 770815025, 305722408, 856647503, 619607120, 273882581, 584424356, 506122449, 770310563, 528196738, 954893015]]],
[[25,
[241179355, 1052452121, 60788280, 56184831, 1029030443, 84889226, 376222784, 203926377, 526811975, 551743890, 868372091, 74177358, 1019482621, 943459576, 237271284, 485267759, 780342498, 510151494, 119094245, 439439420, 792681118, 28916895, 861601717, 533367868, 486285184, 807437562]]],
[[25,
[793014682, 20292115, 660615614, 25777906, 47520682, 356068950, 449769625, 409375207, 753647198, 281253314, 523376257, 502979142, 1073455784, 555686354, 887485475, 113630891, 853472357, 848142089, 134528233, 270189315, 983508233, 704337302, 790081060, 211603950, 124198120, 205474409]]],
[[25,
[906895002, 640403022, 653018635, 458784416, 226188463, 572798743, 487238384, 873029616, 262164096, 875665477, 232691866, 558181836, 627078879, 229843134, 738549448, 408728780, 951013676, 506320543, 66474769, 274088575, 770950192, 458162952, 419886237, 536761326, 255141374, 163217056]]],
[[25,
[793688290, 899667246, 619445714, 737168546, 167897298, 963766251, 288200836, 17970922, 203193701, 512944315, 825260772, 625842114, 603848627, 898849121, 175748331, 961793156, 477153289, 949717700, 445245324, 185498675, 733259805, 430036199, 318183734, 271335437, 11965451, 107546722]]],
[[25,
[78149475, 956771327, 1070537225, 26017084, 974237435, 40244911, 935909994, 818888250, 1057399679, 404023312, 18937317, 433814519, 738014077, 84608277, 192199207, 505044005, 262405148, 807527956, 388854859, 185668806, 822816366, 1057175577, 240374309, 822281171, 985158396, 607825430]]]
]]]]]:
