[0, [1073741789, 
18, 
26, 
['x1', 'x2', 'x3', 'x4', 'l1', 'l2', 'l3', 'l4', 'l5', 'l6', 'l7', 'l8', 'l9', 'l10', 'l11', 'l12', 'l13', 'l14'],
[0, 0, 0, 0, 0, 0, 0, 0, 0, 0, 0, 0, 0, 0, 0, 0, 0, 1],
[1,
[[26,
[1030451023, 725430278, 359451146, 552716587, 808170717, 476423298, 697231438, 336277650, 718268077, 227496368, 59271097, 823574602, 1062988073, 41042396, 168925776, 1052080008, 418335062, 187048571, 840789128, 25398629, 385493116, 272020571, 793757070, 682813065, 455952453, 635552212, 1]],
[0,
[1]],
[
[[25,
[772972960, 503678002, 91960174, 641554109, 539554177, 825891866, 743143289, 765783240, 591302036, 98834542, 605332821, 170684645, 964535582, 573633944, 1018672819, 15263104, 181659147, 374919995, 562112625, 389672, 666875462, 464536590, 359383988, 1032049974, 629140705, 365201207]]],
[[25,
[921517938, 1046404433, 777224334, 290510406, 1026163466, 683370851, 73782738, 91038943, 83134135, 1042463964, 16428745, 1056236705, 344658842, 353829810, 735229247, 361936905, 72033794, 928122354, 932099022, 586130668, 7956900, 891863323, 128115628, 663522422, 96615790, 772340276]]],
[[25,
[1034364614, 844793733, 579578704, 378173678, 725313992, 478248420, 225222069, 623662401, 455761818, 613733150, 326043721, 302150922, 622646081, 259339375, 512330982, 966162433, 690127854, 115326403, 1043665796, 963431798, 267136643, 22980145, 725476208, 720731641, 1052964829, 191810623]]],
[[25,
[798443382, 98804435, 778046170, 538522274, 1048473020, 548954075, 739425294, 391265302, 665444522, 385439246, 507498051, 430699164, 183740125, 931878371, 455174080, 657442264, 871151901, 789543228, 281687861, 461845211, 890658192, 187230760, 716671143, 1046693252, 466415970, 277140312]]],
[[25,
[519064286, 749240258, 669607932, 1037422972, 295654303, 249322971, 681789821, 1039484789, 292841393, 119085469, 514949371, 288796726, 1006724157, 950255278, 177557097, 775498014, 94038187, 908458713, 608918446, 539518484, 665182192, 82881234, 120184087, 568606700, 75562113, 198460032]]],
[[25,
[274666031, 410157773, 324173259, 734953554, 488603273, 544843537, 472745161, 1059507048, 204014013, 718525067, 217193832, 493813802, 982928840, 865523672, 175472816, 772862131, 197915155, 136267826, 670130542, 349593844, 307330620, 823738710, 322967764, 825299751, 789487501, 1013783933]]],
[[25,
[41172863, 246607971, 844630225, 859386646, 326082762, 1048418646, 409114201, 495330482, 825001951, 933302206, 715410804, 1017385486, 212945962, 322304567, 506457481, 363005257, 640753615, 550537922, 161836427, 476963207, 508922459, 801955177, 917767525, 669713677, 744510551, 1037486945]]],
[[25,
[730346398, 846461413, 463767327, 458212096, 506289409, 558775239, 130541985, 188288256, 1006799888, 58278714, 966649605, 927741007, 17449187, 997273182, 499091840, 121154795, 1049354154, 692771265, 142770080, 721505499, 29210715, 718681127, 176903137, 904898367, 992816639, 745672335]]],
[[25,
[117145389, 228563729, 928154918, 697025202, 24959604, 673241916, 932834521, 353418356, 83388858, 1051945197, 571194887, 535023662, 820375462, 538992742, 364093826, 671872364, 570322051, 994924531, 580974801, 1005070537, 224065579, 763307964, 466419748, 992157267, 326648767, 605334444]]],
[[25,
[497048011, 279397828, 911497789, 887053888, 311243454, 609979692, 424477700, 81514070, 315741245, 445892364, 3368998, 906429235, 685892163, 960527707, 508789369, 915123091, 139588000, 553707867, 523629525, 411566417, 387970093, 609376239, 418047470, 241101920, 505012920, 692364831]]],
[[25,
[868523976, 451706157, 1053009019, 793444419, 931814795, 939984950, 855051299, 347801560, 39772496, 811585359, 62470897, 240173784, 840504511, 899959600, 1018360076, 163660427, 922278039, 420630513, 32038590, 991915444, 682042309, 1010568703, 512707752, 919254879, 850858320, 52348523]]],
[[25,
[980128240, 968679573, 190986961, 477215254, 1034321884, 982149181, 709933272, 758091834, 799833052, 146846349, 522196262, 128775458, 838723814, 951983420, 30797092, 105954931, 695030172, 937387441, 226628615, 11668853, 121107852, 969120490, 197962158, 447313817, 429373342, 347969312]]],
[[25,
[556286955, 632662872, 408539088, 636982812, 482318304, 1016003018, 552442754, 803121019, 737421813, 51268661, 969765088, 920125518, 306905373, 149311877, 943548541, 792067766, 292261736, 729386497, 126493999, 631956441, 413846770, 730920452, 737931094, 809945539, 675403384, 405387600]]],
[[25,
[839367434, 921612479, 136070176, 620176068, 212754373, 24041172, 851851394, 798549428, 613548691, 612589180, 783270673, 760924227, 619412233, 247947809, 1071123054, 1073577296, 630011638, 978288148, 202975652, 906909296, 853416588, 815275924, 803433714, 630565229, 421340806, 354812213]]],
[[25,
[835591959, 540512452, 916433113, 527767358, 529279746, 272315177, 307666971, 153055190, 286480206, 134890762, 412420151, 371729311, 625652266, 357844481, 272401036, 18688838, 664484163, 825441741, 66343450, 910244275, 911867794, 215455158, 27185959, 147987013, 682024535, 172769079]]],
[[25,
[756482577, 669955742, 799786, 691886606, 282473651, 186013814, 836678221, 597795467, 510576861, 307525221, 437184014, 831867253, 718267388, 789305513, 226188261, 270196756, 747016334, 979720808, 892198705, 659137140, 961646565, 713281086, 292272780, 748745401, 365557950, 793228862]]],
[[25,
[628403686, 508793640, 82769580, 981074111, 924690180, 324695754, 984553777, 161500198, 25778403, 44210015, 868884885, 1000593742, 1027464828, 454126036, 876014457, 748072549, 987495496, 470020764, 7460690, 503112944, 975412784, 14813254, 517237805, 806912884, 164988281, 785650670]]]
]]]]]:
