[0, [1073741839, 
18, 
26, 
['x1', 'x2', 'x3', 'x4', 'l1', 'l2', 'l3', 'l4', 'l5', 'l6', 'l7', 'l8', 'l9', 'l10', 'l11', 'l12', 'l13', 'l14'],
[0, 0, 0, 0, 0, 0, 0, 0, 0, 0, 0, 0, 0, 0, 0, 0, 0, 1],
[1,
[[26,
[404134309, 316563248, 124038424, 451738327, 1071034866, 697081453, 157842864, 710165996, 83387109, 820978832, 394754084, 1046281735, 872214828, 893497383, 1023162528, 378536661, 516024321, 780781760, 31294615, 588680591, 518271684, 744338602, 536747455, 937508507, 939463494, 701519428, 1]],
[0,
[1]],
[
[[25,
[261402290, 654893231, 780166913, 171428715, 249687757, 1055356016, 954308335, 730240015, 652597462, 1050827179, 1008940395, 133915647, 663390904, 113372129, 958749982, 333359949, 411775431, 339504092, 702829463, 1001445700, 94886587, 485390853, 667677880, 152054653, 2124506, 943758520]]],
[[25,
[694475897, 197009192, 664926663, 38798633, 1055575350, 184271471, 338128984, 890993718, 172456626, 139600075, 959969251, 596041002, 420022596, 780188365, 50138991, 748661690, 31450105, 489357008, 675820964, 28750184, 116069693, 911169545, 992556445, 397452815, 691887457, 432686799]]],
[[25,
[720395302, 1016290425, 1072384588, 885876295, 408463396, 492409650, 114795640, 233100325, 402778388, 14618670, 41071657, 1072471860, 323428563, 1000005522, 642296865, 643380295, 966065463, 16774191, 185883239, 967728834, 795232983, 1071615372, 62168069, 882697932, 1040796322, 750740859]]],
[[25,
[1045169853, 679618353, 890798519, 282341157, 890730344, 613572940, 325566541, 568637729, 185869208, 561984454, 752887895, 53727513, 1030210326, 1062779031, 273425484, 227527405, 171476500, 863692728, 22957176, 654390116, 455745487, 362929042, 308546940, 431942148, 157532787, 541408133]]],
[[25,
[333576613, 853371279, 218832316, 207271100, 27775585, 763334449, 815353949, 670196653, 1026289872, 355533800, 314556149, 978429754, 448443318, 881190240, 193907902, 63310771, 242096923, 245386095, 930872876, 755577673, 152276697, 93366651, 9425634, 281780442, 502522594, 97556533]]],
[[25,
[719044945, 92126450, 338308592, 617013571, 804492983, 124520041, 231838496, 697032923, 439693849, 641047768, 895090466, 105616404, 580916122, 714865791, 104977520, 424713003, 604512601, 764975938, 836149487, 551134439, 893659749, 264116506, 1063428338, 17117114, 84946763, 265238378]]],
[[25,
[703237894, 429596268, 799285779, 1025541481, 1069424834, 271959630, 839867238, 858270522, 91364558, 84348823, 1024869927, 555331670, 400913249, 819490337, 997085963, 952712334, 1039028920, 216905494, 570728750, 349639091, 311151366, 987657731, 156854147, 474038549, 280261146, 1062672503]]],
[[25,
[602181585, 979942504, 1057944761, 81795932, 55267929, 289067063, 3795539, 1067016693, 1027311888, 773414425, 888905690, 51910584, 963788201, 270084063, 306132802, 335049623, 225044197, 308566738, 529874292, 733175595, 690788861, 319867001, 261732684, 853472075, 133727533, 596670750]]],
[[25,
[561318378, 105339741, 590207716, 133852299, 820142212, 894536264, 25304151, 295226275, 488256759, 583297787, 851960418, 568821684, 866411045, 37082921, 1032045630, 319705677, 848726542, 1009903478, 824351400, 812612940, 607924799, 248497268, 851357459, 644047989, 288737930, 112205888]]],
[[25,
[192073822, 633966731, 278002325, 667173458, 1037826120, 466525833, 105587095, 720821524, 843366542, 129430850, 72628271, 798662545, 455102414, 335135158, 213420601, 61849873, 711873061, 407734518, 141932605, 731973185, 106609755, 195680944, 990980985, 711751509, 955461816, 103527475]]],
[[25,
[375104920, 988576995, 1027396141, 479680237, 1001152174, 891349819, 544124343, 656216489, 34112449, 961911316, 78897262, 618702784, 523530677, 747951234, 41970528, 314053120, 544964494, 731233890, 680460317, 1047665356, 498210061, 809425085, 1008421342, 596193097, 555454297, 983958476]]],
[[25,
[605134865, 403299330, 505743340, 294933807, 329973854, 910316107, 977162745, 757573007, 1011397076, 880686973, 490233188, 348147688, 493078430, 559298204, 1034552270, 35052515, 572116429, 482632681, 413725147, 615595950, 390071559, 171691583, 323866703, 529476895, 250392590, 990809031]]],
[[25,
[832073827, 616569877, 211200168, 479694296, 511687265, 159237231, 383101264, 314842803, 526283214, 553316762, 3840905, 587949991, 194160760, 520169966, 964949839, 13647089, 772768780, 1000105573, 286498662, 63810803, 234160758, 182984658, 791542031, 446395738, 1043573218, 1038698627]]],
[[25,
[345322033, 276896228, 415075025, 1029432456, 48935108, 424144226, 434703352, 244229670, 231311657, 906628661, 567962258, 995213492, 836767700, 975638248, 241896548, 239557283, 569563224, 337822033, 39298084, 67226152, 110101417, 587065565, 145145025, 940437128, 491598885, 795770347]]],
[[25,
[725461368, 600951992, 451949768, 434218838, 858599575, 166608685, 924347523, 770136097, 1053923735, 717928931, 1065510943, 15157171, 514373269, 204444331, 243512182, 114969187, 343903940, 941619108, 721692834, 986452209, 407576742, 713302007, 254628345, 635936298, 256123387, 429007251]]],
[[25,
[563166658, 909436354, 313208156, 913781977, 853349121, 425370308, 465210273, 72982765, 1011185688, 949797209, 570877065, 427798828, 811130337, 777852491, 705070838, 111030926, 563158799, 591938891, 326985096, 299402774, 125372445, 12499931, 877330419, 961228177, 429187565, 722867373]]],
[[25,
[464294792, 106549246, 153131571, 15088464, 416564738, 850656327, 293156766, 322540544, 634390955, 1002367901, 573456526, 450138428, 290554496, 996827970, 490130410, 758932488, 563421320, 1012342718, 34933751, 504229435, 39088440, 780478964, 731834589, 148909362, 361157803, 105927618]]]
]]]]]:
