[0, [1073741833, 
18, 
26, 
['x1', 'x2', 'x3', 'x4', 'l1', 'l2', 'l3', 'l4', 'l5', 'l6', 'l7', 'l8', 'l9', 'l10', 'l11', 'l12', 'l13', 'l14'],
[0, 0, 0, 0, 0, 0, 0, 0, 0, 0, 0, 0, 0, 0, 0, 0, 0, 1],
[1,
[[26,
[923206156, 263402637, 838770358, 257267196, 36373566, 323393402, 10915515, 955078860, 138376446, 530648858, 156643229, 129208737, 543356021, 531592997, 697989178, 402061375, 444643803, 578980728, 594109965, 999823652, 170121804, 876094853, 659074568, 696546778, 125163349, 291381374, 1]],
[0,
[1]],
[
[[25,
[902868348, 242409863, 582596463, 6046372, 266854275, 204291056, 641832853, 958785812, 225634751, 430749679, 987364756, 746487581, 283530967, 381675481, 452440872, 506429450, 824593844, 172360544, 596236700, 176543772, 187581132, 979264241, 522856817, 801327848, 389924637, 447920551]]],
[[25,
[869261852, 230301740, 281686367, 879502035, 707680592, 920119125, 505489191, 289669900, 233598204, 28731238, 38499491, 194206066, 965708877, 206812322, 967396216, 231626474, 35173720, 793176602, 650498776, 1036531975, 436014756, 270212629, 1010539024, 639688600, 557816709, 742202118]]],
[[25,
[408868929, 701449200, 755047654, 819975171, 672734502, 360875347, 863221392, 257951270, 761950010, 984793735, 617655515, 363872451, 197718678, 339252855, 595334190, 904952402, 859945457, 994935828, 381412222, 65159812, 685378763, 778540129, 909391680, 1051851300, 347772886, 634598701]]],
[[25,
[33833691, 321260236, 122993373, 867507587, 363649322, 1069359665, 513652672, 939304115, 388614696, 827483498, 722261215, 685224257, 416849218, 862854543, 603071184, 573413003, 138777952, 494733103, 108634778, 868291493, 6974147, 249704393, 671200582, 435463699, 124270939, 178017615]]],
[[25,
[419500574, 707160879, 837809675, 267689147, 491318445, 110810022, 493670147, 221974393, 274313191, 784533798, 329279369, 220138325, 158946821, 961298303, 84968028, 893905058, 595402772, 299527802, 228436371, 534202752, 176989483, 644711518, 852273458, 183856488, 304149598, 322433590]]],
[[25,
[552019352, 59434940, 1008196224, 1053533343, 654248759, 454468568, 998407449, 74171270, 786552216, 696993497, 113782451, 415508797, 533468582, 32565545, 420605036, 334914727, 559174456, 1045215751, 364636945, 141906576, 617032659, 557408426, 78600056, 688388729, 750812146, 111113399]]],
[[25,
[1024207397, 803108772, 110290736, 223505399, 218750185, 237838335, 517533904, 720855293, 58105620, 489128950, 253444301, 897510348, 914556113, 789896944, 465758467, 825533479, 451942741, 343298423, 667692403, 211063898, 707717416, 780117301, 671687894, 591603411, 1044786981, 926053538]]],
[[25,
[719659777, 761759055, 988609264, 201697329, 968300437, 229182240, 987730674, 775631636, 231988731, 524985098, 498476187, 887044251, 124816734, 641635490, 331221870, 817867874, 358416587, 999693293, 466657371, 519712756, 80940587, 693676952, 654961062, 359642414, 319541440, 419504201]]],
[[25,
[496409627, 459934856, 680192764, 185167444, 790451725, 519129576, 365654303, 329720502, 864980893, 309089673, 982518968, 395690057, 14828389, 536856062, 711170142, 1003267194, 90587557, 1028459130, 46990015, 131733405, 977766818, 123094803, 100470901, 747921189, 508769383, 687188395]]],
[[25,
[891163693, 61235218, 472980919, 607541473, 494302927, 367868237, 215818383, 898472890, 1042926891, 451719649, 839992671, 398866465, 327895249, 498494658, 940367274, 798158108, 865351711, 1039505408, 403072926, 864598067, 918715725, 286796874, 264346192, 196397181, 799802451, 764695611]]],
[[25,
[445764722, 707833269, 187157763, 546642091, 601033110, 190165950, 127545016, 135961269, 593448056, 871163242, 681623536, 61526835, 943292047, 422353294, 928883360, 355620733, 313715331, 52579313, 1003744074, 793854191, 622536272, 586285935, 765860805, 761589867, 211609076, 672501961]]],
[[25,
[403621256, 646729643, 216126152, 394935629, 534580679, 1031473885, 806504179, 796145544, 597810647, 347074106, 468551529, 172635252, 644415067, 210681350, 103833611, 1056688903, 903770531, 368527502, 477892026, 188265395, 312752669, 568756971, 275255359, 1066814611, 208243199, 219429778]]],
[[25,
[124997904, 1042529230, 387836127, 293150214, 659221867, 151010986, 545784449, 899678211, 353141160, 547678957, 331772333, 2195294, 696201376, 228612561, 528638328, 94349430, 957082757, 566929561, 443308318, 120911273, 298886766, 179540170, 867343209, 147187349, 420732900, 999985676]]],
[[25,
[967721484, 557761722, 926326031, 988467688, 771857301, 820736958, 994584461, 260926194, 380416223, 958399843, 976316491, 154081236, 825771376, 752156838, 173827779, 646724079, 847244403, 103814645, 887959895, 833915798, 935306705, 2160534, 209219953, 517183112, 1013499568, 836986291]]],
[[25,
[423715246, 500527222, 1003978144, 854937801, 914096091, 698703751, 838184181, 845339016, 382522751, 221198552, 394742951, 639873257, 567671050, 105102007, 12763744, 165420649, 826145914, 34962457, 977110764, 359429083, 780987657, 316100174, 59627395, 145752083, 552877345, 595491768]]],
[[25,
[559349444, 632001354, 965792136, 618100989, 75097816, 328677279, 843345680, 264806654, 368734393, 1025487914, 123504377, 835788540, 100211249, 771418399, 51728089, 158211945, 635631326, 651159596, 1065822776, 298580011, 282631160, 24842351, 142786970, 409312178, 683807828, 958869438]]],
[[25,
[433391024, 897910532, 636696989, 996743123, 491749389, 1052660369, 48631109, 2555332, 72835402, 554336129, 510503467, 951717489, 140128038, 173175908, 727936718, 949108549, 807764767, 719318121, 47265357, 326643089, 25246511, 902129564, 636744968, 696509134, 205223523, 609538998]]]
]]]]]:
